// Jest Snapshot v1, https://goo.gl/fbAQLP

exports[`should render ExpenseListItem correctly 1`] = `
<div>
  <h3>
    <Link
      replace={false}
      to="/edit/1"
    >
      Gum
    </Link>
  </h3>
  <p>
    195
     - 
    0
  </p>
</div>
`;
